// Jest Snapshot v1, https://goo.gl/fbAQLP

exports[`renders ./components/basic/menu/demo/deprecated.md extend context correctly 1`] = `
LoadedCheerio {
  "0": Document {
    "children": Array [],
    "endIndex": null,
    "next": null,
    "parent": null,
    "prev": null,
    "startIndex": null,
    "type": "root",
  },
  "_root": LoadedCheerio {
    "0": Document {
      "children": Array [],
      "endIndex": null,
      "next": null,
      "parent": null,
      "prev": null,
      "startIndex": null,
      "type": "root",
    },
    "_root": [Circular],
    "length": 1,
    "options": Object {
      "decodeEntities": true,
      "xml": false,
    },
  },
  "length": 1,
  "options": Object {
    "decodeEntities": true,
    "xml": false,
  },
}
`;

exports[`renders ./components/basic/menu/demo/horizontal.md extend context correctly 1`] = `
LoadedCheerio {
  "0": Document {
    "children": Array [],
    "endIndex": null,
    "next": null,
    "parent": null,
    "prev": null,
    "startIndex": null,
    "type": "root",
  },
  "_root": LoadedCheerio {
    "0": Document {
      "children": Array [],
      "endIndex": null,
      "next": null,
      "parent": null,
      "prev": null,
      "startIndex": null,
      "type": "root",
    },
    "_root": [Circular],
    "length": 1,
    "options": Object {
      "decodeEntities": true,
      "xml": false,
    },
  },
  "length": 1,
  "options": Object {
    "decodeEntities": true,
    "xml": false,
  },
}
`;

exports[`renders ./components/basic/menu/demo/inline.md extend context correctly 1`] = `
LoadedCheerio {
  "0": Document {
    "children": Array [],
    "endIndex": null,
    "next": null,
    "parent": null,
    "prev": null,
    "startIndex": null,
    "type": "root",
  },
  "_root": LoadedCheerio {
    "0": Document {
      "children": Array [],
      "endIndex": null,
      "next": null,
      "parent": null,
      "prev": null,
      "startIndex": null,
      "type": "root",
    },
    "_root": [Circular],
    "length": 1,
    "options": Object {
      "decodeEntities": true,
      "xml": false,
    },
  },
  "length": 1,
  "options": Object {
    "decodeEntities": true,
    "xml": false,
  },
}
`;

exports[`renders ./components/basic/menu/demo/inline-collapsed.md extend context correctly 1`] = `
LoadedCheerio {
  "0": Document {
    "children": Array [],
    "endIndex": null,
    "next": null,
    "parent": null,
    "prev": null,
    "startIndex": null,
    "type": "root",
  },
  "_root": LoadedCheerio {
    "0": Document {
      "children": Array [],
      "endIndex": null,
      "next": null,
      "parent": null,
      "prev": null,
      "startIndex": null,
      "type": "root",
    },
    "_root": [Circular],
    "length": 1,
    "options": Object {
      "decodeEntities": true,
      "xml": false,
    },
  },
  "length": 1,
  "options": Object {
    "decodeEntities": true,
    "xml": false,
  },
}
`;

exports[`renders ./components/basic/menu/demo/sider-current.md extend context correctly 1`] = `
LoadedCheerio {
  "0": Document {
    "children": Array [],
    "endIndex": null,
    "next": null,
    "parent": null,
    "prev": null,
    "startIndex": null,
    "type": "root",
  },
  "_root": LoadedCheerio {
    "0": Document {
      "children": Array [],
      "endIndex": null,
      "next": null,
      "parent": null,
      "prev": null,
      "startIndex": null,
      "type": "root",
    },
    "_root": [Circular],
    "length": 1,
    "options": Object {
      "decodeEntities": true,
      "xml": false,
    },
  },
  "length": 1,
  "options": Object {
    "decodeEntities": true,
    "xml": false,
  },
}
`;

exports[`renders ./components/basic/menu/demo/style-debug.md extend context correctly 1`] = `
LoadedCheerio {
  "0": Document {
    "children": Array [],
    "endIndex": null,
    "next": null,
    "parent": null,
    "prev": null,
    "startIndex": null,
    "type": "root",
  },
  "_root": LoadedCheerio {
    "0": Document {
      "children": Array [],
      "endIndex": null,
      "next": null,
      "parent": null,
      "prev": null,
      "startIndex": null,
      "type": "root",
    },
    "_root": [Circular],
    "length": 1,
    "options": Object {
      "decodeEntities": true,
      "xml": false,
    },
  },
  "length": 1,
  "options": Object {
    "decodeEntities": true,
    "xml": false,
  },
}
`;

exports[`renders ./components/basic/menu/demo/submenu-theme.md extend context correctly 1`] = `
LoadedCheerio {
  "0": Document {
    "children": Array [],
    "endIndex": null,
    "next": null,
    "parent": null,
    "prev": null,
    "startIndex": null,
    "type": "root",
  },
  "_root": LoadedCheerio {
    "0": Document {
      "children": Array [],
      "endIndex": null,
      "next": null,
      "parent": null,
      "prev": null,
      "startIndex": null,
      "type": "root",
    },
    "_root": [Circular],
    "length": 1,
    "options": Object {
      "decodeEntities": true,
      "xml": false,
    },
  },
  "length": 1,
  "options": Object {
    "decodeEntities": true,
    "xml": false,
  },
}
`;

exports[`renders ./components/basic/menu/demo/switch-mode.md extend context correctly 1`] = `
LoadedCheerio {
  "0": Document {
    "children": Array [],
    "endIndex": null,
    "next": null,
    "parent": null,
    "prev": null,
    "startIndex": null,
    "type": "root",
  },
  "_root": LoadedCheerio {
    "0": Document {
      "children": Array [],
      "endIndex": null,
      "next": null,
      "parent": null,
      "prev": null,
      "startIndex": null,
      "type": "root",
    },
    "_root": [Circular],
    "length": 1,
    "options": Object {
      "decodeEntities": true,
      "xml": false,
    },
  },
  "length": 1,
  "options": Object {
    "decodeEntities": true,
    "xml": false,
  },
}
`;

exports[`renders ./components/basic/menu/demo/theme.md extend context correctly 1`] = `
LoadedCheerio {
  "0": Document {
    "children": Array [],
    "endIndex": null,
    "next": null,
    "parent": null,
    "prev": null,
    "startIndex": null,
    "type": "root",
  },
  "_root": LoadedCheerio {
    "0": Document {
      "children": Array [],
      "endIndex": null,
      "next": null,
      "parent": null,
      "prev": null,
      "startIndex": null,
      "type": "root",
    },
    "_root": [Circular],
    "length": 1,
    "options": Object {
      "decodeEntities": true,
      "xml": false,
    },
  },
  "length": 1,
  "options": Object {
    "decodeEntities": true,
    "xml": false,
  },
}
`;

exports[`renders ./components/basic/menu/demo/vertical.md extend context correctly 1`] = `
LoadedCheerio {
  "0": Document {
    "children": Array [],
    "endIndex": null,
    "next": null,
    "parent": null,
    "prev": null,
    "startIndex": null,
    "type": "root",
  },
  "_root": LoadedCheerio {
    "0": Document {
      "children": Array [],
      "endIndex": null,
      "next": null,
      "parent": null,
      "prev": null,
      "startIndex": null,
      "type": "root",
    },
    "_root": [Circular],
    "length": 1,
    "options": Object {
      "decodeEntities": true,
      "xml": false,
    },
  },
  "length": 1,
  "options": Object {
    "decodeEntities": true,
    "xml": false,
  },
}
`;
