// Jest Snapshot v1, https://goo.gl/fbAQLP

exports[`Transfer.List should render correctly 1`] = `
LoadedCheerio {
  "0": <div
    class="dcloud-transfer-list"
  >
    <div
      class="dcloud-transfer-list-header"
    >
      <label
        class="dcloud-checkbox-wrapper dcloud-transfer-list-checkbox"
      >
        <span
          class="dcloud-checkbox dcloud-checkbox-indeterminate"
        >
          <input
            class="dcloud-checkbox-input"
            type="checkbox"
            value=""
          />
          <span
            class="dcloud-checkbox-inner"
          />
        </span>
      </label>
      <span
        aria-label="down"
        class="anticon anticon-down dcloud-dropdown-trigger dcloud-transfer-list-header-dropdown"
        role="img"
      >
        <svg
          aria-hidden="true"
          data-icon="down"
          fill="currentColor"
          focusable="false"
          height="1em"
          viewBox="64 64 896 896"
          width="1em"
        >
          <path
            d="M884 256h-75c-5.1 0-9.9 2.5-12.9 6.6L512 654.2 227.9 262.6c-3-4.1-7.8-6.6-12.9-6.6h-75c-6.5 0-10.3 7.4-6.5 12.7l352.6 486.1c12.8 17.6 39 17.6 51.7 0l352.6-486.1c3.9-5.3.1-12.7-6.4-12.7z"
          />
        </svg>
      </span>
      <span
        class="dcloud-transfer-list-header-selected"
      >
        1/3 
      </span>
      <span
        class="dcloud-transfer-list-header-title"
      />
    </div>
    <div
      class="dcloud-transfer-list-body"
    >
      <ul
        class="dcloud-transfer-list-content"
      >
        <li
          class="dcloud-transfer-list-content-item dcloud-transfer-list-content-item-checked"
        >
          <label
            class="dcloud-checkbox-wrapper dcloud-checkbox-wrapper-checked dcloud-transfer-list-checkbox"
          >
            <span
              class="dcloud-checkbox dcloud-checkbox-checked"
            >
              <input
                checked=""
                class="dcloud-checkbox-input"
                type="checkbox"
                value=""
              />
              <span
                class="dcloud-checkbox-inner"
              />
            </span>
          </label>
          <span
            class="dcloud-transfer-list-content-item-text"
          />
        </li>
        <li
          class="dcloud-transfer-list-content-item"
        >
          <label
            class="dcloud-checkbox-wrapper dcloud-transfer-list-checkbox"
          >
            <span
              class="dcloud-checkbox"
            >
              <input
                class="dcloud-checkbox-input"
                type="checkbox"
                value=""
              />
              <span
                class="dcloud-checkbox-inner"
              />
            </span>
          </label>
          <span
            class="dcloud-transfer-list-content-item-text"
          />
        </li>
        <li
          class="dcloud-transfer-list-content-item dcloud-transfer-list-content-item-disabled"
        >
          <label
            class="dcloud-checkbox-wrapper dcloud-checkbox-wrapper-disabled dcloud-transfer-list-checkbox"
          >
            <span
              class="dcloud-checkbox dcloud-checkbox-disabled"
            >
              <input
                class="dcloud-checkbox-input"
                disabled=""
                type="checkbox"
                value=""
              />
              <span
                class="dcloud-checkbox-inner"
              />
            </span>
          </label>
          <span
            class="dcloud-transfer-list-content-item-text"
          />
        </li>
      </ul>
    </div>
  </div>,
  "_root": LoadedCheerio {
    "0": Document {
      "children": Array [
        <html>
          <head />
          <body />
        </html>,
      ],
      "endIndex": null,
      "next": null,
      "parent": null,
      "prev": null,
      "startIndex": null,
      "type": "root",
      "x-mode": "quirks",
    },
    "_root": [Circular],
    "length": 1,
    "options": Object {
      "decodeEntities": true,
      "xml": false,
    },
  },
  "length": 1,
  "options": Object {
    "decodeEntities": true,
    "xml": false,
  },
}
`;
