// Jest Snapshot v1, https://goo.gl/fbAQLP

exports[`renders ./components/basic/form/demo/basic.md extend context correctly 1`] = `
LoadedCheerio {
  "0": Document {
    "children": Array [],
    "endIndex": null,
    "next": null,
    "parent": null,
    "prev": null,
    "startIndex": null,
    "type": "root",
  },
  "_root": LoadedCheerio {
    "0": Document {
      "children": Array [],
      "endIndex": null,
      "next": null,
      "parent": null,
      "prev": null,
      "startIndex": null,
      "type": "root",
    },
    "_root": [Circular],
    "length": 1,
    "options": Object {
      "decodeEntities": true,
      "xml": false,
    },
  },
  "length": 1,
  "options": Object {
    "decodeEntities": true,
    "xml": false,
  },
}
`;

exports[`renders ./components/basic/form/demo/col-24-debug.md extend context correctly 1`] = `
LoadedCheerio {
  "0": Document {
    "children": Array [],
    "endIndex": null,
    "next": null,
    "parent": null,
    "prev": null,
    "startIndex": null,
    "type": "root",
  },
  "_root": LoadedCheerio {
    "0": Document {
      "children": Array [],
      "endIndex": null,
      "next": null,
      "parent": null,
      "prev": null,
      "startIndex": null,
      "type": "root",
    },
    "_root": [Circular],
    "length": 1,
    "options": Object {
      "decodeEntities": true,
      "xml": false,
    },
  },
  "length": 1,
  "options": Object {
    "decodeEntities": true,
    "xml": false,
  },
}
`;

exports[`renders ./components/basic/form/demo/dep-debug.md extend context correctly 1`] = `
LoadedCheerio {
  "0": Document {
    "children": Array [],
    "endIndex": null,
    "next": null,
    "parent": null,
    "prev": null,
    "startIndex": null,
    "type": "root",
  },
  "_root": LoadedCheerio {
    "0": Document {
      "children": Array [],
      "endIndex": null,
      "next": null,
      "parent": null,
      "prev": null,
      "startIndex": null,
      "type": "root",
    },
    "_root": [Circular],
    "length": 1,
    "options": Object {
      "decodeEntities": true,
      "xml": false,
    },
  },
  "length": 1,
  "options": Object {
    "decodeEntities": true,
    "xml": false,
  },
}
`;

exports[`renders ./components/basic/form/demo/disabled-input-debug.md extend context correctly 1`] = `
LoadedCheerio {
  "0": Document {
    "children": Array [],
    "endIndex": null,
    "next": null,
    "parent": null,
    "prev": null,
    "startIndex": null,
    "type": "root",
  },
  "_root": LoadedCheerio {
    "0": Document {
      "children": Array [],
      "endIndex": null,
      "next": null,
      "parent": null,
      "prev": null,
      "startIndex": null,
      "type": "root",
    },
    "_root": [Circular],
    "length": 1,
    "options": Object {
      "decodeEntities": true,
      "xml": false,
    },
  },
  "length": 1,
  "options": Object {
    "decodeEntities": true,
    "xml": false,
  },
}
`;

exports[`renders ./components/basic/form/demo/dynamic-form-item.md extend context correctly 1`] = `
LoadedCheerio {
  "0": Document {
    "children": Array [],
    "endIndex": null,
    "next": null,
    "parent": null,
    "prev": null,
    "startIndex": null,
    "type": "root",
  },
  "_root": LoadedCheerio {
    "0": Document {
      "children": Array [],
      "endIndex": null,
      "next": null,
      "parent": null,
      "prev": null,
      "startIndex": null,
      "type": "root",
    },
    "_root": [Circular],
    "length": 1,
    "options": Object {
      "decodeEntities": true,
      "xml": false,
    },
  },
  "length": 1,
  "options": Object {
    "decodeEntities": true,
    "xml": false,
  },
}
`;

exports[`renders ./components/basic/form/demo/dynamic-form-items.md extend context correctly 1`] = `
LoadedCheerio {
  "0": Document {
    "children": Array [],
    "endIndex": null,
    "next": null,
    "parent": null,
    "prev": null,
    "startIndex": null,
    "type": "root",
  },
  "_root": LoadedCheerio {
    "0": Document {
      "children": Array [],
      "endIndex": null,
      "next": null,
      "parent": null,
      "prev": null,
      "startIndex": null,
      "type": "root",
    },
    "_root": [Circular],
    "length": 1,
    "options": Object {
      "decodeEntities": true,
      "xml": false,
    },
  },
  "length": 1,
  "options": Object {
    "decodeEntities": true,
    "xml": false,
  },
}
`;

exports[`renders ./components/basic/form/demo/dynamic-form-items-no-style.md extend context correctly 1`] = `
LoadedCheerio {
  "0": Document {
    "children": Array [],
    "endIndex": null,
    "next": null,
    "parent": null,
    "prev": null,
    "startIndex": null,
    "type": "root",
  },
  "_root": LoadedCheerio {
    "0": Document {
      "children": Array [],
      "endIndex": null,
      "next": null,
      "parent": null,
      "prev": null,
      "startIndex": null,
      "type": "root",
    },
    "_root": [Circular],
    "length": 1,
    "options": Object {
      "decodeEntities": true,
      "xml": false,
    },
  },
  "length": 1,
  "options": Object {
    "decodeEntities": true,
    "xml": false,
  },
}
`;

exports[`renders ./components/basic/form/demo/dynamic-rule.md extend context correctly 1`] = `
LoadedCheerio {
  "0": Document {
    "children": Array [],
    "endIndex": null,
    "next": null,
    "parent": null,
    "prev": null,
    "startIndex": null,
    "type": "root",
  },
  "_root": LoadedCheerio {
    "0": Document {
      "children": Array [],
      "endIndex": null,
      "next": null,
      "parent": null,
      "prev": null,
      "startIndex": null,
      "type": "root",
    },
    "_root": [Circular],
    "length": 1,
    "options": Object {
      "decodeEntities": true,
      "xml": false,
    },
  },
  "length": 1,
  "options": Object {
    "decodeEntities": true,
    "xml": false,
  },
}
`;

exports[`renders ./components/basic/form/demo/form-context.md extend context correctly 1`] = `
LoadedCheerio {
  "0": Document {
    "children": Array [],
    "endIndex": null,
    "next": null,
    "parent": null,
    "prev": null,
    "startIndex": null,
    "type": "root",
  },
  "_root": LoadedCheerio {
    "0": Document {
      "children": Array [],
      "endIndex": null,
      "next": null,
      "parent": null,
      "prev": null,
      "startIndex": null,
      "type": "root",
    },
    "_root": [Circular],
    "length": 1,
    "options": Object {
      "decodeEntities": true,
      "xml": false,
    },
  },
  "length": 1,
  "options": Object {
    "decodeEntities": true,
    "xml": false,
  },
}
`;

exports[`renders ./components/basic/form/demo/form-in-modal.md extend context correctly 1`] = `
LoadedCheerio {
  "0": Document {
    "children": Array [],
    "endIndex": null,
    "next": null,
    "parent": null,
    "prev": null,
    "startIndex": null,
    "type": "root",
  },
  "_root": LoadedCheerio {
    "0": Document {
      "children": Array [],
      "endIndex": null,
      "next": null,
      "parent": null,
      "prev": null,
      "startIndex": null,
      "type": "root",
    },
    "_root": [Circular],
    "length": 1,
    "options": Object {
      "decodeEntities": true,
      "xml": false,
    },
  },
  "length": 1,
  "options": Object {
    "decodeEntities": true,
    "xml": false,
  },
}
`;

exports[`renders ./components/basic/form/demo/global-state.md extend context correctly 1`] = `
LoadedCheerio {
  "0": Document {
    "children": Array [],
    "endIndex": null,
    "next": null,
    "parent": null,
    "prev": null,
    "startIndex": null,
    "type": "root",
  },
  "_root": LoadedCheerio {
    "0": Document {
      "children": Array [],
      "endIndex": null,
      "next": null,
      "parent": null,
      "prev": null,
      "startIndex": null,
      "type": "root",
    },
    "_root": [Circular],
    "length": 1,
    "options": Object {
      "decodeEntities": true,
      "xml": false,
    },
  },
  "length": 1,
  "options": Object {
    "decodeEntities": true,
    "xml": false,
  },
}
`;

exports[`renders ./components/basic/form/demo/inline-login.md extend context correctly 1`] = `
LoadedCheerio {
  "0": Document {
    "children": Array [],
    "endIndex": null,
    "next": null,
    "parent": null,
    "prev": null,
    "startIndex": null,
    "type": "root",
  },
  "_root": LoadedCheerio {
    "0": Document {
      "children": Array [],
      "endIndex": null,
      "next": null,
      "parent": null,
      "prev": null,
      "startIndex": null,
      "type": "root",
    },
    "_root": [Circular],
    "length": 1,
    "options": Object {
      "decodeEntities": true,
      "xml": false,
    },
  },
  "length": 1,
  "options": Object {
    "decodeEntities": true,
    "xml": false,
  },
}
`;

exports[`renders ./components/basic/form/demo/label-debug.md extend context correctly 1`] = `
LoadedCheerio {
  "0": Document {
    "children": Array [],
    "endIndex": null,
    "next": null,
    "parent": null,
    "prev": null,
    "startIndex": null,
    "type": "root",
  },
  "_root": LoadedCheerio {
    "0": Document {
      "children": Array [],
      "endIndex": null,
      "next": null,
      "parent": null,
      "prev": null,
      "startIndex": null,
      "type": "root",
    },
    "_root": [Circular],
    "length": 1,
    "options": Object {
      "decodeEntities": true,
      "xml": false,
    },
  },
  "length": 1,
  "options": Object {
    "decodeEntities": true,
    "xml": false,
  },
}
`;

exports[`renders ./components/basic/form/demo/layout.md extend context correctly 1`] = `
LoadedCheerio {
  "0": Document {
    "children": Array [],
    "endIndex": null,
    "next": null,
    "parent": null,
    "prev": null,
    "startIndex": null,
    "type": "root",
  },
  "_root": LoadedCheerio {
    "0": Document {
      "children": Array [],
      "endIndex": null,
      "next": null,
      "parent": null,
      "prev": null,
      "startIndex": null,
      "type": "root",
    },
    "_root": [Circular],
    "length": 1,
    "options": Object {
      "decodeEntities": true,
      "xml": false,
    },
  },
  "length": 1,
  "options": Object {
    "decodeEntities": true,
    "xml": false,
  },
}
`;

exports[`renders ./components/basic/form/demo/layout-can-wrap.md extend context correctly 1`] = `
LoadedCheerio {
  "0": Document {
    "children": Array [],
    "endIndex": null,
    "next": null,
    "parent": null,
    "prev": null,
    "startIndex": null,
    "type": "root",
  },
  "_root": LoadedCheerio {
    "0": Document {
      "children": Array [],
      "endIndex": null,
      "next": null,
      "parent": null,
      "prev": null,
      "startIndex": null,
      "type": "root",
    },
    "_root": [Circular],
    "length": 1,
    "options": Object {
      "decodeEntities": true,
      "xml": false,
    },
  },
  "length": 1,
  "options": Object {
    "decodeEntities": true,
    "xml": false,
  },
}
`;

exports[`renders ./components/basic/form/demo/nest-messages.md extend context correctly 1`] = `
LoadedCheerio {
  "0": Document {
    "children": Array [],
    "endIndex": null,
    "next": null,
    "parent": null,
    "prev": null,
    "startIndex": null,
    "type": "root",
  },
  "_root": LoadedCheerio {
    "0": Document {
      "children": Array [],
      "endIndex": null,
      "next": null,
      "parent": null,
      "prev": null,
      "startIndex": null,
      "type": "root",
    },
    "_root": [Circular],
    "length": 1,
    "options": Object {
      "decodeEntities": true,
      "xml": false,
    },
  },
  "length": 1,
  "options": Object {
    "decodeEntities": true,
    "xml": false,
  },
}
`;

exports[`renders ./components/basic/form/demo/normal-login.md extend context correctly 1`] = `
LoadedCheerio {
  "0": Document {
    "children": Array [],
    "endIndex": null,
    "next": null,
    "parent": null,
    "prev": null,
    "startIndex": null,
    "type": "root",
  },
  "_root": LoadedCheerio {
    "0": Document {
      "children": Array [],
      "endIndex": null,
      "next": null,
      "parent": null,
      "prev": null,
      "startIndex": null,
      "type": "root",
    },
    "_root": [Circular],
    "length": 1,
    "options": Object {
      "decodeEntities": true,
      "xml": false,
    },
  },
  "length": 1,
  "options": Object {
    "decodeEntities": true,
    "xml": false,
  },
}
`;

exports[`renders ./components/basic/form/demo/ref-item.md extend context correctly 1`] = `
LoadedCheerio {
  "0": Document {
    "children": Array [],
    "endIndex": null,
    "next": null,
    "parent": null,
    "prev": null,
    "startIndex": null,
    "type": "root",
  },
  "_root": LoadedCheerio {
    "0": Document {
      "children": Array [],
      "endIndex": null,
      "next": null,
      "parent": null,
      "prev": null,
      "startIndex": null,
      "type": "root",
    },
    "_root": [Circular],
    "length": 1,
    "options": Object {
      "decodeEntities": true,
      "xml": false,
    },
  },
  "length": 1,
  "options": Object {
    "decodeEntities": true,
    "xml": false,
  },
}
`;

exports[`renders ./components/basic/form/demo/required-mark.md extend context correctly 1`] = `
LoadedCheerio {
  "0": Document {
    "children": Array [],
    "endIndex": null,
    "next": null,
    "parent": null,
    "prev": null,
    "startIndex": null,
    "type": "root",
  },
  "_root": LoadedCheerio {
    "0": Document {
      "children": Array [],
      "endIndex": null,
      "next": null,
      "parent": null,
      "prev": null,
      "startIndex": null,
      "type": "root",
    },
    "_root": [Circular],
    "length": 1,
    "options": Object {
      "decodeEntities": true,
      "xml": false,
    },
  },
  "length": 1,
  "options": Object {
    "decodeEntities": true,
    "xml": false,
  },
}
`;

exports[`renders ./components/basic/form/demo/size.md extend context correctly 1`] = `
LoadedCheerio {
  "0": Document {
    "children": Array [],
    "endIndex": null,
    "next": null,
    "parent": null,
    "prev": null,
    "startIndex": null,
    "type": "root",
  },
  "_root": LoadedCheerio {
    "0": Document {
      "children": Array [],
      "endIndex": null,
      "next": null,
      "parent": null,
      "prev": null,
      "startIndex": null,
      "type": "root",
    },
    "_root": [Circular],
    "length": 1,
    "options": Object {
      "decodeEntities": true,
      "xml": false,
    },
  },
  "length": 1,
  "options": Object {
    "decodeEntities": true,
    "xml": false,
  },
}
`;

exports[`renders ./components/basic/form/demo/useWatch.md extend context correctly 1`] = `
LoadedCheerio {
  "0": Document {
    "children": Array [],
    "endIndex": null,
    "next": null,
    "parent": null,
    "prev": null,
    "startIndex": null,
    "type": "root",
  },
  "_root": LoadedCheerio {
    "0": Document {
      "children": Array [],
      "endIndex": null,
      "next": null,
      "parent": null,
      "prev": null,
      "startIndex": null,
      "type": "root",
    },
    "_root": [Circular],
    "length": 1,
    "options": Object {
      "decodeEntities": true,
      "xml": false,
    },
  },
  "length": 1,
  "options": Object {
    "decodeEntities": true,
    "xml": false,
  },
}
`;

exports[`renders ./components/basic/form/demo/warning-only.md extend context correctly 1`] = `
LoadedCheerio {
  "0": Document {
    "children": Array [],
    "endIndex": null,
    "next": null,
    "parent": null,
    "prev": null,
    "startIndex": null,
    "type": "root",
  },
  "_root": LoadedCheerio {
    "0": Document {
      "children": Array [],
      "endIndex": null,
      "next": null,
      "parent": null,
      "prev": null,
      "startIndex": null,
      "type": "root",
    },
    "_root": [Circular],
    "length": 1,
    "options": Object {
      "decodeEntities": true,
      "xml": false,
    },
  },
  "length": 1,
  "options": Object {
    "decodeEntities": true,
    "xml": false,
  },
}
`;

exports[`renders ./components/basic/form/demo/without-form-create.md extend context correctly 1`] = `
LoadedCheerio {
  "0": Document {
    "children": Array [],
    "endIndex": null,
    "next": null,
    "parent": null,
    "prev": null,
    "startIndex": null,
    "type": "root",
  },
  "_root": LoadedCheerio {
    "0": Document {
      "children": Array [],
      "endIndex": null,
      "next": null,
      "parent": null,
      "prev": null,
      "startIndex": null,
      "type": "root",
    },
    "_root": [Circular],
    "length": 1,
    "options": Object {
      "decodeEntities": true,
      "xml": false,
    },
  },
  "length": 1,
  "options": Object {
    "decodeEntities": true,
    "xml": false,
  },
}
`;
