// Jest Snapshot v1, https://goo.gl/fbAQLP

exports[`renders ./components/basic/form/demo/advanced-search.md correctly 1`] = `
LoadedCheerio {
  "0": Document {
    "children": Array [],
    "endIndex": null,
    "next": null,
    "parent": null,
    "prev": null,
    "startIndex": null,
    "type": "root",
  },
  "_root": LoadedCheerio {
    "0": Document {
      "children": Array [],
      "endIndex": null,
      "next": null,
      "parent": null,
      "prev": null,
      "startIndex": null,
      "type": "root",
    },
    "_root": [Circular],
    "length": 1,
    "options": Object {
      "decodeEntities": true,
      "xml": false,
    },
  },
  "length": 1,
  "options": Object {
    "decodeEntities": true,
    "xml": false,
  },
}
`;

exports[`renders ./components/basic/form/demo/basic.md correctly 1`] = `
LoadedCheerio {
  "0": Document {
    "children": Array [],
    "endIndex": null,
    "next": null,
    "parent": null,
    "prev": null,
    "startIndex": null,
    "type": "root",
  },
  "_root": LoadedCheerio {
    "0": Document {
      "children": Array [],
      "endIndex": null,
      "next": null,
      "parent": null,
      "prev": null,
      "startIndex": null,
      "type": "root",
    },
    "_root": [Circular],
    "length": 1,
    "options": Object {
      "decodeEntities": true,
      "xml": false,
    },
  },
  "length": 1,
  "options": Object {
    "decodeEntities": true,
    "xml": false,
  },
}
`;

exports[`renders ./components/basic/form/demo/col-24-debug.md correctly 1`] = `
LoadedCheerio {
  "0": Document {
    "children": Array [],
    "endIndex": null,
    "next": null,
    "parent": null,
    "prev": null,
    "startIndex": null,
    "type": "root",
  },
  "_root": LoadedCheerio {
    "0": Document {
      "children": Array [],
      "endIndex": null,
      "next": null,
      "parent": null,
      "prev": null,
      "startIndex": null,
      "type": "root",
    },
    "_root": [Circular],
    "length": 1,
    "options": Object {
      "decodeEntities": true,
      "xml": false,
    },
  },
  "length": 1,
  "options": Object {
    "decodeEntities": true,
    "xml": false,
  },
}
`;

exports[`renders ./components/basic/form/demo/control-hooks.md correctly 1`] = `
LoadedCheerio {
  "0": Document {
    "children": Array [],
    "endIndex": null,
    "next": null,
    "parent": null,
    "prev": null,
    "startIndex": null,
    "type": "root",
  },
  "_root": LoadedCheerio {
    "0": Document {
      "children": Array [],
      "endIndex": null,
      "next": null,
      "parent": null,
      "prev": null,
      "startIndex": null,
      "type": "root",
    },
    "_root": [Circular],
    "length": 1,
    "options": Object {
      "decodeEntities": true,
      "xml": false,
    },
  },
  "length": 1,
  "options": Object {
    "decodeEntities": true,
    "xml": false,
  },
}
`;

exports[`renders ./components/basic/form/demo/control-ref.md correctly 1`] = `
LoadedCheerio {
  "0": Document {
    "children": Array [],
    "endIndex": null,
    "next": null,
    "parent": null,
    "prev": null,
    "startIndex": null,
    "type": "root",
  },
  "_root": LoadedCheerio {
    "0": Document {
      "children": Array [],
      "endIndex": null,
      "next": null,
      "parent": null,
      "prev": null,
      "startIndex": null,
      "type": "root",
    },
    "_root": [Circular],
    "length": 1,
    "options": Object {
      "decodeEntities": true,
      "xml": false,
    },
  },
  "length": 1,
  "options": Object {
    "decodeEntities": true,
    "xml": false,
  },
}
`;

exports[`renders ./components/basic/form/demo/customized-form-controls.md correctly 1`] = `
LoadedCheerio {
  "0": Document {
    "children": Array [],
    "endIndex": null,
    "next": null,
    "parent": null,
    "prev": null,
    "startIndex": null,
    "type": "root",
  },
  "_root": LoadedCheerio {
    "0": Document {
      "children": Array [],
      "endIndex": null,
      "next": null,
      "parent": null,
      "prev": null,
      "startIndex": null,
      "type": "root",
    },
    "_root": [Circular],
    "length": 1,
    "options": Object {
      "decodeEntities": true,
      "xml": false,
    },
  },
  "length": 1,
  "options": Object {
    "decodeEntities": true,
    "xml": false,
  },
}
`;

exports[`renders ./components/basic/form/demo/dep-debug.md correctly 1`] = `
LoadedCheerio {
  "0": Document {
    "children": Array [],
    "endIndex": null,
    "next": null,
    "parent": null,
    "prev": null,
    "startIndex": null,
    "type": "root",
  },
  "_root": LoadedCheerio {
    "0": Document {
      "children": Array [],
      "endIndex": null,
      "next": null,
      "parent": null,
      "prev": null,
      "startIndex": null,
      "type": "root",
    },
    "_root": [Circular],
    "length": 1,
    "options": Object {
      "decodeEntities": true,
      "xml": false,
    },
  },
  "length": 1,
  "options": Object {
    "decodeEntities": true,
    "xml": false,
  },
}
`;

exports[`renders ./components/basic/form/demo/disabled.md correctly 1`] = `
LoadedCheerio {
  "0": Document {
    "children": Array [],
    "endIndex": null,
    "next": null,
    "parent": null,
    "prev": null,
    "startIndex": null,
    "type": "root",
  },
  "_root": LoadedCheerio {
    "0": Document {
      "children": Array [],
      "endIndex": null,
      "next": null,
      "parent": null,
      "prev": null,
      "startIndex": null,
      "type": "root",
    },
    "_root": [Circular],
    "length": 1,
    "options": Object {
      "decodeEntities": true,
      "xml": false,
    },
  },
  "length": 1,
  "options": Object {
    "decodeEntities": true,
    "xml": false,
  },
}
`;

exports[`renders ./components/basic/form/demo/disabled-input-debug.md correctly 1`] = `
LoadedCheerio {
  "0": Document {
    "children": Array [],
    "endIndex": null,
    "next": null,
    "parent": null,
    "prev": null,
    "startIndex": null,
    "type": "root",
  },
  "_root": LoadedCheerio {
    "0": Document {
      "children": Array [],
      "endIndex": null,
      "next": null,
      "parent": null,
      "prev": null,
      "startIndex": null,
      "type": "root",
    },
    "_root": [Circular],
    "length": 1,
    "options": Object {
      "decodeEntities": true,
      "xml": false,
    },
  },
  "length": 1,
  "options": Object {
    "decodeEntities": true,
    "xml": false,
  },
}
`;

exports[`renders ./components/basic/form/demo/dynamic-form-item.md correctly 1`] = `
LoadedCheerio {
  "0": Document {
    "children": Array [],
    "endIndex": null,
    "next": null,
    "parent": null,
    "prev": null,
    "startIndex": null,
    "type": "root",
  },
  "_root": LoadedCheerio {
    "0": Document {
      "children": Array [],
      "endIndex": null,
      "next": null,
      "parent": null,
      "prev": null,
      "startIndex": null,
      "type": "root",
    },
    "_root": [Circular],
    "length": 1,
    "options": Object {
      "decodeEntities": true,
      "xml": false,
    },
  },
  "length": 1,
  "options": Object {
    "decodeEntities": true,
    "xml": false,
  },
}
`;

exports[`renders ./components/basic/form/demo/dynamic-form-items.md correctly 1`] = `
LoadedCheerio {
  "0": Document {
    "children": Array [],
    "endIndex": null,
    "next": null,
    "parent": null,
    "prev": null,
    "startIndex": null,
    "type": "root",
  },
  "_root": LoadedCheerio {
    "0": Document {
      "children": Array [],
      "endIndex": null,
      "next": null,
      "parent": null,
      "prev": null,
      "startIndex": null,
      "type": "root",
    },
    "_root": [Circular],
    "length": 1,
    "options": Object {
      "decodeEntities": true,
      "xml": false,
    },
  },
  "length": 1,
  "options": Object {
    "decodeEntities": true,
    "xml": false,
  },
}
`;

exports[`renders ./components/basic/form/demo/dynamic-form-items-complex.md correctly 1`] = `
LoadedCheerio {
  "0": Document {
    "children": Array [],
    "endIndex": null,
    "next": null,
    "parent": null,
    "prev": null,
    "startIndex": null,
    "type": "root",
  },
  "_root": LoadedCheerio {
    "0": Document {
      "children": Array [],
      "endIndex": null,
      "next": null,
      "parent": null,
      "prev": null,
      "startIndex": null,
      "type": "root",
    },
    "_root": [Circular],
    "length": 1,
    "options": Object {
      "decodeEntities": true,
      "xml": false,
    },
  },
  "length": 1,
  "options": Object {
    "decodeEntities": true,
    "xml": false,
  },
}
`;

exports[`renders ./components/basic/form/demo/dynamic-form-items-no-style.md correctly 1`] = `
LoadedCheerio {
  "0": Document {
    "children": Array [],
    "endIndex": null,
    "next": null,
    "parent": null,
    "prev": null,
    "startIndex": null,
    "type": "root",
  },
  "_root": LoadedCheerio {
    "0": Document {
      "children": Array [],
      "endIndex": null,
      "next": null,
      "parent": null,
      "prev": null,
      "startIndex": null,
      "type": "root",
    },
    "_root": [Circular],
    "length": 1,
    "options": Object {
      "decodeEntities": true,
      "xml": false,
    },
  },
  "length": 1,
  "options": Object {
    "decodeEntities": true,
    "xml": false,
  },
}
`;

exports[`renders ./components/basic/form/demo/dynamic-rule.md correctly 1`] = `
LoadedCheerio {
  "0": Document {
    "children": Array [],
    "endIndex": null,
    "next": null,
    "parent": null,
    "prev": null,
    "startIndex": null,
    "type": "root",
  },
  "_root": LoadedCheerio {
    "0": Document {
      "children": Array [],
      "endIndex": null,
      "next": null,
      "parent": null,
      "prev": null,
      "startIndex": null,
      "type": "root",
    },
    "_root": [Circular],
    "length": 1,
    "options": Object {
      "decodeEntities": true,
      "xml": false,
    },
  },
  "length": 1,
  "options": Object {
    "decodeEntities": true,
    "xml": false,
  },
}
`;

exports[`renders ./components/basic/form/demo/form-context.md correctly 1`] = `
LoadedCheerio {
  "0": Document {
    "children": Array [],
    "endIndex": null,
    "next": null,
    "parent": null,
    "prev": null,
    "startIndex": null,
    "type": "root",
  },
  "_root": LoadedCheerio {
    "0": Document {
      "children": Array [],
      "endIndex": null,
      "next": null,
      "parent": null,
      "prev": null,
      "startIndex": null,
      "type": "root",
    },
    "_root": [Circular],
    "length": 1,
    "options": Object {
      "decodeEntities": true,
      "xml": false,
    },
  },
  "length": 1,
  "options": Object {
    "decodeEntities": true,
    "xml": false,
  },
}
`;

exports[`renders ./components/basic/form/demo/form-in-modal.md correctly 1`] = `
LoadedCheerio {
  "0": Document {
    "children": Array [],
    "endIndex": null,
    "next": null,
    "parent": null,
    "prev": null,
    "startIndex": null,
    "type": "root",
  },
  "_root": LoadedCheerio {
    "0": Document {
      "children": Array [],
      "endIndex": null,
      "next": null,
      "parent": null,
      "prev": null,
      "startIndex": null,
      "type": "root",
    },
    "_root": [Circular],
    "length": 1,
    "options": Object {
      "decodeEntities": true,
      "xml": false,
    },
  },
  "length": 1,
  "options": Object {
    "decodeEntities": true,
    "xml": false,
  },
}
`;

exports[`renders ./components/basic/form/demo/global-state.md correctly 1`] = `
LoadedCheerio {
  "0": Document {
    "children": Array [],
    "endIndex": null,
    "next": null,
    "parent": null,
    "prev": null,
    "startIndex": null,
    "type": "root",
  },
  "_root": LoadedCheerio {
    "0": Document {
      "children": Array [],
      "endIndex": null,
      "next": null,
      "parent": null,
      "prev": null,
      "startIndex": null,
      "type": "root",
    },
    "_root": [Circular],
    "length": 1,
    "options": Object {
      "decodeEntities": true,
      "xml": false,
    },
  },
  "length": 1,
  "options": Object {
    "decodeEntities": true,
    "xml": false,
  },
}
`;

exports[`renders ./components/basic/form/demo/inline-login.md correctly 1`] = `
LoadedCheerio {
  "0": Document {
    "children": Array [],
    "endIndex": null,
    "next": null,
    "parent": null,
    "prev": null,
    "startIndex": null,
    "type": "root",
  },
  "_root": LoadedCheerio {
    "0": Document {
      "children": Array [],
      "endIndex": null,
      "next": null,
      "parent": null,
      "prev": null,
      "startIndex": null,
      "type": "root",
    },
    "_root": [Circular],
    "length": 1,
    "options": Object {
      "decodeEntities": true,
      "xml": false,
    },
  },
  "length": 1,
  "options": Object {
    "decodeEntities": true,
    "xml": false,
  },
}
`;

exports[`renders ./components/basic/form/demo/label-debug.md correctly 1`] = `
LoadedCheerio {
  "0": Document {
    "children": Array [],
    "endIndex": null,
    "next": null,
    "parent": null,
    "prev": null,
    "startIndex": null,
    "type": "root",
  },
  "_root": LoadedCheerio {
    "0": Document {
      "children": Array [],
      "endIndex": null,
      "next": null,
      "parent": null,
      "prev": null,
      "startIndex": null,
      "type": "root",
    },
    "_root": [Circular],
    "length": 1,
    "options": Object {
      "decodeEntities": true,
      "xml": false,
    },
  },
  "length": 1,
  "options": Object {
    "decodeEntities": true,
    "xml": false,
  },
}
`;

exports[`renders ./components/basic/form/demo/layout.md correctly 1`] = `
LoadedCheerio {
  "0": Document {
    "children": Array [],
    "endIndex": null,
    "next": null,
    "parent": null,
    "prev": null,
    "startIndex": null,
    "type": "root",
  },
  "_root": LoadedCheerio {
    "0": Document {
      "children": Array [],
      "endIndex": null,
      "next": null,
      "parent": null,
      "prev": null,
      "startIndex": null,
      "type": "root",
    },
    "_root": [Circular],
    "length": 1,
    "options": Object {
      "decodeEntities": true,
      "xml": false,
    },
  },
  "length": 1,
  "options": Object {
    "decodeEntities": true,
    "xml": false,
  },
}
`;

exports[`renders ./components/basic/form/demo/layout-can-wrap.md correctly 1`] = `
LoadedCheerio {
  "0": Document {
    "children": Array [],
    "endIndex": null,
    "next": null,
    "parent": null,
    "prev": null,
    "startIndex": null,
    "type": "root",
  },
  "_root": LoadedCheerio {
    "0": Document {
      "children": Array [],
      "endIndex": null,
      "next": null,
      "parent": null,
      "prev": null,
      "startIndex": null,
      "type": "root",
    },
    "_root": [Circular],
    "length": 1,
    "options": Object {
      "decodeEntities": true,
      "xml": false,
    },
  },
  "length": 1,
  "options": Object {
    "decodeEntities": true,
    "xml": false,
  },
}
`;

exports[`renders ./components/basic/form/demo/nest-messages.md correctly 1`] = `
LoadedCheerio {
  "0": Document {
    "children": Array [],
    "endIndex": null,
    "next": null,
    "parent": null,
    "prev": null,
    "startIndex": null,
    "type": "root",
  },
  "_root": LoadedCheerio {
    "0": Document {
      "children": Array [],
      "endIndex": null,
      "next": null,
      "parent": null,
      "prev": null,
      "startIndex": null,
      "type": "root",
    },
    "_root": [Circular],
    "length": 1,
    "options": Object {
      "decodeEntities": true,
      "xml": false,
    },
  },
  "length": 1,
  "options": Object {
    "decodeEntities": true,
    "xml": false,
  },
}
`;

exports[`renders ./components/basic/form/demo/normal-login.md correctly 1`] = `
LoadedCheerio {
  "0": Document {
    "children": Array [],
    "endIndex": null,
    "next": null,
    "parent": null,
    "prev": null,
    "startIndex": null,
    "type": "root",
  },
  "_root": LoadedCheerio {
    "0": Document {
      "children": Array [],
      "endIndex": null,
      "next": null,
      "parent": null,
      "prev": null,
      "startIndex": null,
      "type": "root",
    },
    "_root": [Circular],
    "length": 1,
    "options": Object {
      "decodeEntities": true,
      "xml": false,
    },
  },
  "length": 1,
  "options": Object {
    "decodeEntities": true,
    "xml": false,
  },
}
`;

exports[`renders ./components/basic/form/demo/ref-item.md correctly 1`] = `
LoadedCheerio {
  "0": Document {
    "children": Array [],
    "endIndex": null,
    "next": null,
    "parent": null,
    "prev": null,
    "startIndex": null,
    "type": "root",
  },
  "_root": LoadedCheerio {
    "0": Document {
      "children": Array [],
      "endIndex": null,
      "next": null,
      "parent": null,
      "prev": null,
      "startIndex": null,
      "type": "root",
    },
    "_root": [Circular],
    "length": 1,
    "options": Object {
      "decodeEntities": true,
      "xml": false,
    },
  },
  "length": 1,
  "options": Object {
    "decodeEntities": true,
    "xml": false,
  },
}
`;

exports[`renders ./components/basic/form/demo/register.md correctly 1`] = `
LoadedCheerio {
  "0": Document {
    "children": Array [],
    "endIndex": null,
    "next": null,
    "parent": null,
    "prev": null,
    "startIndex": null,
    "type": "root",
  },
  "_root": LoadedCheerio {
    "0": Document {
      "children": Array [],
      "endIndex": null,
      "next": null,
      "parent": null,
      "prev": null,
      "startIndex": null,
      "type": "root",
    },
    "_root": [Circular],
    "length": 1,
    "options": Object {
      "decodeEntities": true,
      "xml": false,
    },
  },
  "length": 1,
  "options": Object {
    "decodeEntities": true,
    "xml": false,
  },
}
`;

exports[`renders ./components/basic/form/demo/required-mark.md correctly 1`] = `
LoadedCheerio {
  "0": Document {
    "children": Array [],
    "endIndex": null,
    "next": null,
    "parent": null,
    "prev": null,
    "startIndex": null,
    "type": "root",
  },
  "_root": LoadedCheerio {
    "0": Document {
      "children": Array [],
      "endIndex": null,
      "next": null,
      "parent": null,
      "prev": null,
      "startIndex": null,
      "type": "root",
    },
    "_root": [Circular],
    "length": 1,
    "options": Object {
      "decodeEntities": true,
      "xml": false,
    },
  },
  "length": 1,
  "options": Object {
    "decodeEntities": true,
    "xml": false,
  },
}
`;

exports[`renders ./components/basic/form/demo/size.md correctly 1`] = `
LoadedCheerio {
  "0": Document {
    "children": Array [],
    "endIndex": null,
    "next": null,
    "parent": null,
    "prev": null,
    "startIndex": null,
    "type": "root",
  },
  "_root": LoadedCheerio {
    "0": Document {
      "children": Array [],
      "endIndex": null,
      "next": null,
      "parent": null,
      "prev": null,
      "startIndex": null,
      "type": "root",
    },
    "_root": [Circular],
    "length": 1,
    "options": Object {
      "decodeEntities": true,
      "xml": false,
    },
  },
  "length": 1,
  "options": Object {
    "decodeEntities": true,
    "xml": false,
  },
}
`;

exports[`renders ./components/basic/form/demo/time-related-controls.md correctly 1`] = `
LoadedCheerio {
  "0": Document {
    "children": Array [],
    "endIndex": null,
    "next": null,
    "parent": null,
    "prev": null,
    "startIndex": null,
    "type": "root",
  },
  "_root": LoadedCheerio {
    "0": Document {
      "children": Array [],
      "endIndex": null,
      "next": null,
      "parent": null,
      "prev": null,
      "startIndex": null,
      "type": "root",
    },
    "_root": [Circular],
    "length": 1,
    "options": Object {
      "decodeEntities": true,
      "xml": false,
    },
  },
  "length": 1,
  "options": Object {
    "decodeEntities": true,
    "xml": false,
  },
}
`;

exports[`renders ./components/basic/form/demo/useWatch.md correctly 1`] = `
LoadedCheerio {
  "0": Document {
    "children": Array [],
    "endIndex": null,
    "next": null,
    "parent": null,
    "prev": null,
    "startIndex": null,
    "type": "root",
  },
  "_root": LoadedCheerio {
    "0": Document {
      "children": Array [],
      "endIndex": null,
      "next": null,
      "parent": null,
      "prev": null,
      "startIndex": null,
      "type": "root",
    },
    "_root": [Circular],
    "length": 1,
    "options": Object {
      "decodeEntities": true,
      "xml": false,
    },
  },
  "length": 1,
  "options": Object {
    "decodeEntities": true,
    "xml": false,
  },
}
`;

exports[`renders ./components/basic/form/demo/validate-other.md correctly 1`] = `
LoadedCheerio {
  "0": Document {
    "children": Array [],
    "endIndex": null,
    "next": null,
    "parent": null,
    "prev": null,
    "startIndex": null,
    "type": "root",
  },
  "_root": LoadedCheerio {
    "0": Document {
      "children": Array [],
      "endIndex": null,
      "next": null,
      "parent": null,
      "prev": null,
      "startIndex": null,
      "type": "root",
    },
    "_root": [Circular],
    "length": 1,
    "options": Object {
      "decodeEntities": true,
      "xml": false,
    },
  },
  "length": 1,
  "options": Object {
    "decodeEntities": true,
    "xml": false,
  },
}
`;

exports[`renders ./components/basic/form/demo/validate-static.md correctly 1`] = `
LoadedCheerio {
  "0": Document {
    "children": Array [],
    "endIndex": null,
    "next": null,
    "parent": null,
    "prev": null,
    "startIndex": null,
    "type": "root",
  },
  "_root": LoadedCheerio {
    "0": Document {
      "children": Array [],
      "endIndex": null,
      "next": null,
      "parent": null,
      "prev": null,
      "startIndex": null,
      "type": "root",
    },
    "_root": [Circular],
    "length": 1,
    "options": Object {
      "decodeEntities": true,
      "xml": false,
    },
  },
  "length": 1,
  "options": Object {
    "decodeEntities": true,
    "xml": false,
  },
}
`;

exports[`renders ./components/basic/form/demo/warning-only.md correctly 1`] = `
LoadedCheerio {
  "0": Document {
    "children": Array [],
    "endIndex": null,
    "next": null,
    "parent": null,
    "prev": null,
    "startIndex": null,
    "type": "root",
  },
  "_root": LoadedCheerio {
    "0": Document {
      "children": Array [],
      "endIndex": null,
      "next": null,
      "parent": null,
      "prev": null,
      "startIndex": null,
      "type": "root",
    },
    "_root": [Circular],
    "length": 1,
    "options": Object {
      "decodeEntities": true,
      "xml": false,
    },
  },
  "length": 1,
  "options": Object {
    "decodeEntities": true,
    "xml": false,
  },
}
`;

exports[`renders ./components/basic/form/demo/without-form-create.md correctly 1`] = `
LoadedCheerio {
  "0": Document {
    "children": Array [],
    "endIndex": null,
    "next": null,
    "parent": null,
    "prev": null,
    "startIndex": null,
    "type": "root",
  },
  "_root": LoadedCheerio {
    "0": Document {
      "children": Array [],
      "endIndex": null,
      "next": null,
      "parent": null,
      "prev": null,
      "startIndex": null,
      "type": "root",
    },
    "_root": [Circular],
    "length": 1,
    "options": Object {
      "decodeEntities": true,
      "xml": false,
    },
  },
  "length": 1,
  "options": Object {
    "decodeEntities": true,
    "xml": false,
  },
}
`;
