// Jest Snapshot v1, https://goo.gl/fbAQLP

exports[`Upload rtl render component should be rendered correctly in RTL direction 1`] = `
LoadedCheerio {
  "0": <span
    class=""
  >
    <div
      class="dcloud-upload dcloud-upload-select dcloud-upload-select-text dcloud-upload-rtl"
      style="display: none;"
    >
      <span
        class="dcloud-upload"
        role="button"
        tabindex="0"
      >
        <input
          accept=""
          style="display: none;"
          type="file"
        />
      </span>
    </div>
    <div
      class="dcloud-upload-list dcloud-upload-list-text dcloud-upload-list-rtl"
    />
  </span>,
  "_root": LoadedCheerio {
    "0": Document {
      "children": Array [
        <html>
          <head />
          <body />
        </html>,
      ],
      "endIndex": null,
      "next": null,
      "parent": null,
      "prev": null,
      "startIndex": null,
      "type": "root",
      "x-mode": "quirks",
    },
    "_root": [Circular],
    "length": 1,
    "options": Object {
      "decodeEntities": true,
      "xml": false,
    },
  },
  "length": 1,
  "options": Object {
    "decodeEntities": true,
    "xml": false,
  },
}
`;
